C:\localrepos\llama.cpp>cmake -S . -B build -G Ninja -DCMAKE_TOOLCHAIN_FILE=C:\localrepos\vcpkg\scripts\buildsystems\vcpkg.cmake -DGPU_TARGETS=gfx1151 -DGGML_HIP=ON -DCMAKE_C_COMPILER=clang -DCMAKE_CXX_COMPILER=clang++ -DCMAKE_BUILD_TYPE=Release
CMAKE_BUILD_TYPE=Release
-- Warning: ccache not found - consider installing it for faster compilation or disable this warning with GGML_CCACHE=OFF
-- CMAKE_SYSTEM_PROCESSOR: AMD64
-- GGML_SYSTEM_ARCH: x86
-- Including CPU backend
-- x86 detected
-- Adding CPU backend variant ggml-cpu: -march=native
-- HIP and hipBLAS found
-- Including HIP backend
-- ggml version: 0.9.4
-- ggml commit:  e1f15b454
-- Configuring done (0.9s)
You have changed variables that require your cache to be deleted.
Configure will be re-run and you may have to reset some variables.
The following variables have changed:
CMAKE_C_COMPILER= clang
CMAKE_CXX_COMPILER= clang++
CMAKE_C_COMPILER= clang
CMAKE_CXX_COMPILER= clang++

-- The C compiler identification is Clang 20.1.8 with GNU-like command-line
-- The CXX compiler identification is Clang 20.1.8 with GNU-like command-line
-- Detecting C compiler ABI info
-- Detecting C compiler ABI info - done
-- Check for working C compiler: C:/Program Files/Microsoft Visual Studio/18/Professional/VC/Tools/Llvm/x64/bin/clang.exe - skipped
-- Detecting C compile features
-- Detecting C compile features - done
-- Detecting CXX compiler ABI info
-- Detecting CXX compiler ABI info - done
-- Check for working CXX compiler: C:/Program Files/Microsoft Visual Studio/18/Professional/VC/Tools/Llvm/x64/bin/clang++.exe - skipped
-- Detecting CXX compile features
-- Detecting CXX compile features - done
CMAKE_BUILD_TYPE=Debug
-- Found Git: C:/Program Files/Git/cmd/git.exe (found version "2.52.0.windows.1")
-- The ASM compiler identification is Clang with GNU-like command-line
-- Found assembler: C:/Program Files/Microsoft Visual Studio/18/Professional/VC/Tools/Llvm/x64/bin/clang.exe
-- Performing Test CMAKE_HAVE_LIBC_PTHREAD
-- Performing Test CMAKE_HAVE_LIBC_PTHREAD - Failed
-- Check if compiler accepts -pthread
-- Check if compiler accepts -pthread - no
-- Looking for pthread_create in pthreads
-- Looking for pthread_create in pthreads - not found
-- Looking for pthread_create in pthread
-- Looking for pthread_create in pthread - not found
-- Found Threads: TRUE
-- Warning: ccache not found - consider installing it for faster compilation or disable this warning with GGML_CCACHE=OFF
-- CMAKE_SYSTEM_PROCESSOR: AMD64
-- GGML_SYSTEM_ARCH: x86
-- Including CPU backend
-- Found OpenMP_C: -fopenmp=libomp (found version "5.1")
-- Found OpenMP_CXX: -fopenmp=libomp (found version "5.1")
-- Found OpenMP: TRUE (found version "5.1")
-- x86 detected
-- Adding CPU backend variant ggml-cpu: -march=native
-- ggml version: 0.9.4
-- ggml commit:  e1f15b454
-- Could NOT find CURL (missing: CURL_LIBRARY CURL_INCLUDE_DIR)
CMake Error at common/CMakeLists.txt:102 (message):
  Could NOT find CURL.  Hint: to disable this feature, set -DLLAMA_CURL=OFF


-- Configuring incomplete, errors occurred!

C:\localrepos\llama.cpp>notepad ..\vcpkg\bootstrap-vcpkg.bat

C:\localrepos\llama.cpp>..\vcpkg\bootstrap-vcpkg.bat
Downloading https://github.com/microsoft/vcpkg-tool/releases/download/2025-12-16/vcpkg.exe -> C:\localrepos\vcpkg\vcpkg.exe (using IE proxy: 127.0.0.1:10808)... done.
Validating signature... done.

vcpkg package management program version 2025-12-16-44bb3ce006467fc13ba37ca099f64077b8bbf84d

See LICENSE.txt for license information.
Telemetry
---------
vcpkg collects usage data in order to help us improve your experience.
The data collected by Microsoft is anonymous.
You can opt-out of telemetry by re-running the bootstrap-vcpkg script with -disableMetrics,
passing --disable-metrics to vcpkg on the command line,
or by setting the VCPKG_DISABLE_METRICS environment variable.

Read more about vcpkg telemetry at docs/about/privacy.md

C:\localrepos\llama.cpp>cmake -S . -B build -G Ninja -DCMAKE_TOOLCHAIN_FILE=C:\localrepos\vcpkg\scripts\buildsystems\vcpkg.cmake -DGPU_TARGETS=gfx1151 -DGGML_HIP=ON -DCMAKE_C_COMPILER=clang -DCMAKE_CXX_COMPILER=clang++ -DCMAKE_BUILD_TYPE=Release
CMAKE_BUILD_TYPE=Release
-- Warning: ccache not found - consider installing it for faster compilation or disable this warning with GGML_CCACHE=OFF
-- CMAKE_SYSTEM_PROCESSOR: AMD64
-- GGML_SYSTEM_ARCH: x86
-- Including CPU backend
-- x86 detected
-- Adding CPU backend variant ggml-cpu: -march=native
CMake Error at ggml/src/ggml-hip/CMakeLists.txt:42 (find_package):
  By not providing "Findhip.cmake" in CMAKE_MODULE_PATH this project has
  asked CMake to find a package configuration file provided by "hip", but
  CMake did not find one.

  Could not find a package configuration file provided by "hip" with any of
  the following names:

    hipConfig.cmake
    hip-config.cmake

  Add the installation prefix of "hip" to CMAKE_PREFIX_PATH or set "hip_DIR"
  to a directory containing one of the above files.  If "hip" provides a
  separate development package or SDK, be sure it has been installed.


-- Configuring incomplete, errors occurred!

C:\localrepos\llama.cpp>set HIP_PATH=C:\Users\orien\AppData\Local\Python\pythoncore-3.14-64\Lib\site-packages\_rocm_sdk_devel

C:\localrepos\llama.cpp>set HIP_CLANG_PATH=C:\Users\orien\AppData\Local\Python\pythoncore-3.14-64\Lib\site-packages\_rocm_sdk_devel\lib\llvm\bin

C:\localrepos\llama.cpp>set HIP_PLATFORM=amd

C:\localrepos\llama.cpp>cmake -S . -B build -G Ninja -DCMAKE_TOOLCHAIN_FILE=C:\localrepos\vcpkg\scripts\buildsystems\vcpkg.cmake -DGPU_TARGETS=gfx1151 -DGGML_HIP=ON -DCMAKE_C_COMPILER=clang -DCMAKE_CXX_COMPILER=clang++ -DCMAKE_BUILD_TYPE=Release
CMAKE_BUILD_TYPE=Release
-- Warning: ccache not found - consider installing it for faster compilation or disable this warning with GGML_CCACHE=OFF
-- CMAKE_SYSTEM_PROCESSOR: AMD64
-- GGML_SYSTEM_ARCH: x86
-- Including CPU backend
-- x86 detected
-- Adding CPU backend variant ggml-cpu: -march=native
CMake Error at ggml/src/ggml-hip/CMakeLists.txt:42 (find_package):
  By not providing "Findhip.cmake" in CMAKE_MODULE_PATH this project has
  asked CMake to find a package configuration file provided by "hip", but
  CMake did not find one.

  Could not find a package configuration file provided by "hip" with any of
  the following names:

    hipConfig.cmake
    hip-config.cmake

  Add the installation prefix of "hip" to CMAKE_PREFIX_PATH or set "hip_DIR"
  to a directory containing one of the above files.  If "hip" provides a
  separate development package or SDK, be sure it has been installed.


-- Configuring incomplete, errors occurred!
