oldzhu@oldzhu-box-999:~/buildroot$ make dotnetruntime-rebuild V=1 2>&1 | tee ~/buildroot-build.log

  cd /home/oldzhu/buildroot/output/build/dotnetruntime-origin_risc-v/artifacts/obj/coreclr/linux.arm64.Release/pal/src && /home/oldzhu/buildroot/output/build/host-lldb-origin_main/llvm/buildroot-build/bin/clang++ --target=aarch64-buildroot-linux-gnu --gcc-toolchain=/home/oldzhu/buildroot/output/host/aarch64-buildroot-linux-gnu/sysroot/usr --sysroot=/home/oldzhu/buildroot/output/host/aarch64-buildroot-linux-gnu/sysroot -DCOMPILER_SUPPORTS_W_RESERVED_IDENTIFIER -DCORECLR -DDISABLE_CONTRACTS -DHOST_64BIT -DHOST_ARM64 -DHOST_UNIX -DLP64COMPATIBLE -DNDEBUG -DPIC -DTARGET_64BIT -DTARGET_ARM64 -DTARGET_LINUX -DTARGET_UNIX -DURTBLDENV_FRIENDLY=Retail -DXSTATE_SUPPORTED -D_FILE_OFFSET_BITS=64 -D_TIME_BITS=64 -I/home/oldzhu/buildroot/output/build/dotnetruntime-origin_risc-v/artifacts/obj/coreclr/linux.arm64.Release/pal/src -I/home/oldzhu/buildroot/output/build/dotnetruntime-origin_risc-v/src/coreclr/pal/src -I/home/oldzhu/buildroot/output/build/dotnetruntime-origin_risc-v/src/native -I/home/oldzhu/buildroot/output/build/dotnetruntime-origin_risc-v/src/native/inc -I/home/oldzhu/buildroot/output/build/dotnetruntime-origin_risc-v/src/coreclr/pal/inc -I/home/oldzhu/buildroot/output/build/dotnetruntime-origin_risc-v/src/coreclr/pal/../inc -I/home/oldzhu/buildroot/output/build/dotnetruntime-origin_risc-v/src/native/external/libunwind/include -I/home/oldzhu/buildroot/output/build/dotnetruntime-origin_risc-v/src/native/external/libunwind/include/tdep -I/home/oldzhu/buildroot/output/build/dotnetruntime-origin_risc-v/artifacts/obj/external/libunwind/include -I/home/oldzhu/buildroot/output/build/dotnetruntime-origin_risc-v/artifacts/obj/external/libunwind/include/tdep -I/home/oldzhu/buildroot/output/build/dotnetruntime-origin_risc-v/src/coreclr/pal/src/include -Wno-jump-misses-init -Wno-implicit-void-ptr-cast -Wno-implicit-int-enum-cast -O3 -DNDEBUG -std=gnu++11 -fPIC -O3 -Wall -Wno-null-conversion -glldb -fno-omit-frame-pointer -fwrapv -fstack-protector-strong -Werror -Wno-unused-variable -Wno-unused-value -Wno-unused-function -Wno-tautological-compare -Wno-unknown-pragmas -Wimplicit-fallthrough -Wvla -Wno-invalid-offsetof -Wno-unused-but-set-variable -ffp-contract=off -fno-rtti -Wno-unknown-warning-option -ferror-limit=4096 -Wno-unused-private-field -Wno-constant-logical-operand -Wno-pragma-pack -Wno-incompatible-ms-struct -Wno-reserved-identifier -Wno-unsafe-buffer-usage -Wno-single-bit-bitfield-constant-conversion -Wno-cast-function-type-strict -Wno-switch-default -Wno-nontrivial-memaccess -fsigned-char -fvisibility=hidden -ffunction-sections -fexceptions -MD -MT pal/src/CMakeFiles/coreclrpal_dac.dir/exception/remote-unwind.cpp.o -MF CMakeFiles/coreclrpal_dac.dir/exception/remote-unwind.cpp.o.d -o CMakeFiles/coreclrpal_dac.dir/exception/remote-unwind.cpp.o -c /home/oldzhu/buildroot/output/build/dotnetruntime-origin_risc-v/src/coreclr/pal/src/exception/remote-unwind.cpp

  /home/oldzhu/buildroot/output/build/host-lldb-origin_main/llvm/buildroot-build/bin/llvm-ar qc libcoreclrpal_dac.a "CMakeFiles/coreclrpal_dac.dir/exception/remote-unwind.cpp.o"
  /home/oldzhu/buildroot/output/build/host-lldb-origin_main/llvm/buildroot-build/bin/llvm-ranlib libcoreclrpal_dac.a

  /home/oldzhu/buildroot/output/build/host-lldb-origin_main/llvm/buildroot-build/bin/clang++ --target=aarch64-buildroot-linux-gnu --gcc-toolchain=/home/oldzhu/buildroot/output/host/aarch64-buildroot-linux-gnu/sysroot/usr --sysroot=/home/oldzhu/buildroot/output/host/aarch64-buildroot-linux-gnu/sysroot -fPIC -Wno-jump-misses-init -Wno-implicit-void-ptr-cast -Wno-implicit-int-enum-cast -O3 -DNDEBUG -Wl,--version-script=/home/oldzhu/buildroot/output/build/dotnetruntime-origin_risc-v/artifacts/obj/coreclr/linux.arm64.Release/dlls/mscordac/mscordac.exports -shared -Wl,--rpath-link=/home/oldzhu/buildroot/output/host/aarch64-buildroot-linux-gnu/sysroot/lib/aarch64-buildroot-linux-gnu -Wl,--rpath-link=/home/oldzhu/buildroot/output/host/aarch64-buildroot-linux-gnu/sysroot/usr/lib/aarch64-buildroot-linux-gnu -Wl,--rpath-link=/home/oldzhu/buildroot/output/host/aarch64-buildroot-linux-gnu/sysroot/lib/aarch64-buildroot-linux-gnu -Wl,--rpath-link=/home/oldzhu/buildroot/output/host/aarch64-buildroot-linux-gnu/sysroot/usr/lib/aarch64-buildroot-linux-gnu -Wl,--build-id=sha1 -Wl,-z,relro,-z,now -Xlinker -Bsymbolic -Wl,-soname,libmscordaccore.so -o libmscordaccore.so CMakeFiles/mscordaccore.dir/libredefines.S.o "CMakeFiles/mscordaccore.dir/home/oldzhu/buildroot/output/build/dotnetruntime-origin_risc-v/artifacts/obj/_version.c.o" CMakeFiles/mscordacobj.dir/mscordac.cpp.o ../../inc/CMakeFiles/corguids.dir/__/pal/prebuilt/idl/cordebug_i.cpp.o ../../inc/CMakeFiles/corguids.dir/__/pal/prebuilt/idl/xcordebug_i.cpp.o ../../inc/CMakeFiles/corguids.dir/__/pal/prebuilt/idl/clrdata_i.cpp.o ../../inc/CMakeFiles/corguids.dir/__/pal/prebuilt/idl/clrinternal_i.cpp.o ../../inc/CMakeFiles/corguids.dir/__/pal/prebuilt/idl/xclrdata_i.cpp.o ../../inc/CMakeFiles/corguids.dir/__/pal/prebuilt/idl/corprof_i.cpp.o ../../inc/CMakeFiles/corguids.dir/__/pal/prebuilt/idl/corsym_i.cpp.o ../../inc/CMakeFiles/corguids.dir/__/pal/prebuilt/idl/sospriv_i.cpp.o ../mscorrc/CMakeFiles/mscorrc.dir/mscorrc.cpp.o  -Wl,--start-group ../../vm/libcee_dac.a ../../debug/ee/dac/libcordbee_dac.a ../../debug/daccess/libdaccess.a ../../debug/dbgutil/libdbgutil.a ../../md/compiler/libmdcompiler_dac.a ../../md/runtime/libmdruntime_dac.a ../../md/enc/libmdruntimerw_dac.a ../../utilcode/libutilcode_dac.a ../../unwinder/libunwinder_dac.a -Wl,--end-group ../../pal/src/libcoreclrpal.a ../../minipal/Unix/libcoreclrminipal.a ../../pal/src/libcoreclrpal_dac.a ../../nativeresources/libnativeresourcestring.a -lgcc_s -lpthread -lrt -ldl ../../shared_minipal/libminipal.a


/home/oldzhu/buildroot/output/build/host-lldb-origin_main/llvm/buildroot-build/bin/llvm-readelf: warning: '/home/oldzhu/buildroot/output/build/dotnetruntime-origin_risc-v/artifacts/obj/coreclr/linux.arm64.Release/dlls/mscordac/libmscordaccore.so.dbg': no valid dynamic table was found
 11184: 0000000000000000     0 FILE    LOCAL  DEFAULT   ABS Lget_reg.c
 18193: 0000000000192bd8    32 FUNC    LOCAL  DEFAULT    12 _ULaarch64_get_reg
 18689: 0000000000000000     0 NOTYPE  GLOBAL DEFAULT   UND _Uaarch64_get_reg
oldzhu@oldzhu-box-999:~/buildroot$ ls -la /home/oldzhu/buildroot/output/build/dotnetruntime-origin_risc-v/artifacts/obj/coreclr/linux.arm64.Release/dlls/mscordac/libmscordaccore.so.dbg
-rwxr-xr-x 1 oldzhu oldzhu 65570688 Sep  3 20:04 /home/oldzhu/buildroot/output/build/dotnetruntime-origin_risc-v/artifacts/obj/coreclr/linux.arm64.Release/dlls/mscordac/libmscordaccore.so.dbg

oldzhu@oldzhu-box-999:~/buildroot$ touch output/build/dotnetruntime-origin_risc-v/src/native/external/libunwind/src/mi/Gget_reg.c
oldzhu@oldzhu-box-999:~/buildroot$ touch output/build/dotnetruntime-origin_risc-v/src/native/external/libunwind/src/mi/Lget_reg.c
oldzhu@oldzhu-box-999:~/buildroot$ touch output/build/dotnetruntime-origin_risc-v/src/coreclr/pal/src/exception/remote-unwind.cpp


